// Jest Snapshot v1, https://goo.gl/fbAQLP

exports[`GetPublished/index component renders correctly 1`] = `
<div
  dir="ltr"
  style={
    Object {
      "textAlign": "justify",
    }
  }
>
  <span
    style={
      Object {
        "fontSize": "16px",
      }
    }
  >
    <span
      style={
        Object {
          "fontFamily": "trebuchet ms,lucida grande,lucida sans unicode,lucida sans,tahoma,sans-serif",
        }
      }
    >
      <a
        href="https://hackernoon.com/signup"
        style={
          Object {
            "WebkitTextSizeAdjust": "100%",
            "color": "#111111",
            "fontWeight": "bold",
            "msTextSizeAdjust": "100%",
            "msoLineHeightRule": "exactly",
            "textDecoration": "underline",
          }
        }
        target="_blank"
      >
        Got a tech story to share with our readers?
      </a>
       Everything you've ever wanted to know about how to get published on Hacker Noon - 
      <a
        href="https://publish.hackernoon.com/"
        style={
          Object {
            "WebkitTextSizeAdjust": "100%",
            "color": "#111111",
            "fontWeight": "bold",
            "msTextSizeAdjust": "100%",
            "msoLineHeightRule": "exactly",
            "textDecoration": "underline",
          }
        }
        target="_blank"
      >
        get it here
      </a>
      .
    </span>
  </span>
</div>
`;
