// Jest Snapshot v1, https://goo.gl/fbAQLP

exports[`JoinUs/index component renders correctly 1`] = `
<div
  dir="ltr"
  style={
    Object {
      "textAlign": "justify",
    }
  }
>
  <span
    style={
      Object {
        "fontSize": "16px",
      }
    }
  >
    <span
      style={
        Object {
          "fontFamily": "trebuchet ms,lucida grande,lucida sans unicode,lucida sans,tahoma,sans-serif",
        }
      }
    >
      <a
        href="https://hackernoon.com/the-decentralized-internet-writing-contest-fq1i35t4"
        style={
          Object {
            "WebkitTextSizeAdjust": "100%",
            "color": "#111111",
            "fontWeight": "bold",
            "msTextSizeAdjust": "100%",
            "msoLineHeightRule": "exactly",
            "textDecoration": "underline",
          }
        }
        target="_blank"
      >
        "Join our writing contest and get a chance to win cool prizes".
      </a>
    </span>
  </span>
</div>
`;
